// Jest Snapshot v1, https://goo.gl/fbAQLP

exports[`<SignUpScreen /> should render correctly 1`] = `
<div>
  <h2>
    Sign Up
  </h2>
  <withRouter() />
</div>
`;
