// Jest Snapshot v1, https://goo.gl/fbAQLP

exports[`<SignOutButtonComponent /> should render correctly 1`] = `
<button
  onClick={[Function]}
  style={
    Object {
      "padding": ".5rem",
      "textTransform": "uppercase",
    }
  }
  type="button"
>
  Sign Out
</button>
`;
